exports[`test should handle a poem object 1`] = `
<Styled(Col)
  md={3}
  xs={6}>
  <styled.div>
    <styled.div>
      <h4>
        <b>
          me
        </b>
      </h4>
      <p>
        the poem lives
      </p>
    </styled.div>
  </styled.div>
</Styled(Col)>
`;
